2026-07-31 11:48:18,852  WARNING  GPIO  unavailable: No module named 'gpiod'  — heartbeat disabled
2026-07-31 11:48:18,852  INFO   =============================================
2026-07-31 11:48:18,853  INFO   elc26  start  —  headless production mode
2026-07-31 11:48:18,853  INFO   model : /home/radxa/elc26_test/src/yolo_det/best_rknn_model
2026-07-31 11:48:18,853  INFO   calib : /home/radxa/elc26_test/config/pipe_calib.json
2026-07-31 11:48:18,853  INFO   uart  : /dev/ttyS3
2026-07-31 11:48:18,853  INFO   logs  : /home/radxa/elc26_test/logs/start_20260731_114811.log
2026-07-31 11:48:18,854  INFO   =============================================
2026-07-31 11:48:18,858  WARNING  camera  retry  in  2.0s ...
2026-07-31 11:48:20,864  WARNING  camera  retry  in  2.0s ...
2026-07-31 11:48:22,868  WARNING  camera  retry  in  2.0s ...
2026-07-31 11:48:24,873  WARNING  camera  retry  in  2.0s ...
2026-07-31 11:48:26,877  WARNING  camera  retry  in  2.0s ...
2026-07-31 11:48:28,881  WARNING  camera  retry  in  2.0s ...
2026-07-31 11:48:30,885  WARNING  camera  retry  in  2.0s ...
2026-07-31 11:48:32,890  WARNING  camera  retry  in  2.0s ...
2026-07-31 11:48:34,894  WARNING  camera  retry  in  2.0s ...
2026-07-31 11:48:36,900  WARNING  camera  retry  in  2.0s ...
2026-07-31 11:48:37,969  INFO   shutdown  signal received
2026-07-31 11:48:38,900  ERROR  camera  FAILED  —  exiting
