2026-07-31 11:54:45,017  WARNING  GPIO  unavailable: No module named 'gpiod'  — heartbeat disabled
2026-07-31 11:54:45,017  INFO   =============================================
2026-07-31 11:54:45,018  INFO   elc26  start  —  headless production mode
2026-07-31 11:54:45,018  INFO   model : /home/radxa/elc26_test/src/yolo_det/best_rknn_model
2026-07-31 11:54:45,018  INFO   calib : /home/radxa/elc26_test/config/pipe_calib.json
2026-07-31 11:54:45,018  INFO   uart  : /dev/ttyS3
2026-07-31 11:54:45,019  INFO   logs  : /home/radxa/elc26_test/logs/start_20260731_115437.log
2026-07-31 11:54:45,019  INFO   =============================================
2026-07-31 11:54:45,588  INFO   camera  open  /dev/video0
2026-07-31 11:54:45,594  INFO   calib  13 pts  |  234 mm  |  axis angle: -0.6°
2026-07-31 11:54:45,595  INFO   uart  open  /dev/ttyS3  @ 1 kHz
2026-07-31 11:54:45,596  INFO   loop  started
2026-07-31 11:54:50,604  I      fps:  1.8  avg:556.4ms  pos:+116.9mm
2026-07-31 11:54:55,612  I      fps: 40.8  avg: 24.5ms  pos:+116.8mm
2026-07-31 11:55:00,618  I      fps: 38.8  avg: 25.8ms  pos:+117.0mm
2026-07-31 11:55:05,643  I      fps: 39.0  avg: 25.8ms  pos:+117.0mm
2026-07-31 11:55:10,645  I      fps: 39.4  avg: 25.4ms  pos:+117.2mm
2026-07-31 11:55:15,670  I      fps: 39.6  avg: 25.4ms  pos:+116.7mm
2026-07-31 11:55:20,693  I      fps: 40.2  avg: 25.0ms  pos:+117.2mm
2026-07-31 11:55:25,700  I      fps: 41.0  avg: 24.4ms  pos:+117.6mm
2026-07-31 11:55:30,708  I      fps: 42.0  avg: 23.8ms  pos:+117.0mm
2026-07-31 11:55:35,718  I      fps: 41.6  avg: 24.1ms  pos:+116.8mm
2026-07-31 11:55:40,723  I      fps: 41.8  avg: 23.9ms  pos:+117.7mm
2026-07-31 11:55:45,725  I      fps: 40.4  avg: 24.8ms  pos:+117.8mm
2026-07-31 11:55:50,743  I      fps: 39.6  avg: 25.3ms  pos:+117.0mm
2026-07-31 11:55:55,750  I      fps: 40.2  avg: 24.9ms  pos:+117.2mm
2026-07-31 11:56:00,774  I      fps: 40.0  avg: 25.1ms  pos:+116.9mm
2026-07-31 11:56:05,787  I      fps: 39.6  avg: 25.3ms  pos:+116.8mm
2026-07-31 11:56:10,805  I      fps: 39.2  avg: 25.6ms  pos:+117.2mm
2026-07-31 11:56:15,826  I      fps: 41.0  avg: 24.5ms  pos:+117.8mm
2026-07-31 11:56:20,846  I      fps: 39.4  avg: 25.5ms  pos:+117.4mm
2026-07-31 11:56:25,872  I      fps: 42.2  avg: 23.8ms  pos:+117.7mm
2026-07-31 11:56:30,876  I      fps: 41.4  avg: 24.2ms  pos:+117.7mm
2026-07-31 11:56:35,883  I      fps: 41.4  avg: 24.2ms  pos:+117.4mm
2026-07-31 11:56:40,907  I      fps: 42.0  avg: 23.9ms  pos:+117.7mm
2026-07-31 11:56:45,925  I      fps: 42.0  avg: 23.9ms  pos:+117.5mm
2026-07-31 11:56:50,947  I      fps: 39.6  avg: 25.4ms  pos:+117.8mm
2026-07-31 11:56:55,949  I      fps: 38.8  avg: 25.8ms  pos:+118.0mm
2026-07-31 11:57:00,958  I      fps: 41.2  avg: 24.3ms  pos:+118.1mm
2026-07-31 11:57:05,978  I      fps: 41.2  avg: 24.4ms  pos:+117.3mm
2026-07-31 11:57:11,005  I      fps: 40.4  avg: 24.9ms  pos:+117.6mm
2026-07-31 11:57:16,021  I      fps: 39.2  avg: 25.6ms  pos:+117.5mm
2026-07-31 11:57:21,034  I      fps: 40.4  avg: 24.8ms  pos:+117.7mm
2026-07-31 11:57:26,050  I      fps: 40.8  avg: 24.6ms  pos:+117.7mm
2026-07-31 11:57:31,059  I      fps: 39.2  avg: 25.5ms  pos:+117.7mm
2026-07-31 11:57:36,065  I      fps: 40.0  avg: 25.0ms  pos:+117.6mm
2026-07-31 11:57:41,074  I      fps: 41.0  avg: 24.4ms  pos:+117.5mm
2026-07-31 11:57:46,081  I      fps: 40.2  avg: 24.9ms  pos:+117.7mm
2026-07-31 11:57:51,082  I      fps: 39.2  avg: 25.5ms  pos:+117.5mm
2026-07-31 11:57:56,103  I      fps: 40.2  avg: 25.0ms  pos:+117.4mm
2026-07-31 11:58:01,110  I      fps: 40.4  avg: 24.8ms  pos:+117.5mm
2026-07-31 11:58:06,116  I      fps: 41.2  avg: 24.3ms  pos:+118.8mm
2026-07-31 11:58:11,129  I      fps: 42.6  avg: 23.5ms  pos:+117.9mm
2026-07-31 11:58:16,131  I      fps: 42.4  avg: 23.6ms  pos:+118.4mm
2026-07-31 11:58:21,145  I      fps: 41.4  avg: 24.2ms  pos:+117.9mm
2026-07-31 11:58:26,163  I      fps: 40.2  avg: 25.0ms  pos:+118.1mm
2026-07-31 11:58:31,178  I      fps: 38.2  avg: 26.2ms  pos:+118.2mm
2026-07-31 11:58:36,194  I      fps: 38.8  avg: 25.8ms  pos:+118.2mm
2026-07-31 11:58:41,203  I      fps: 41.0  avg: 24.4ms  pos:+117.8mm
2026-07-31 11:58:46,208  I      fps: 41.2  avg: 24.3ms  pos:+118.3mm
2026-07-31 11:58:51,230  I      fps: 42.4  avg: 23.7ms  pos:+117.9mm
2026-07-31 11:58:56,243  I      fps: 42.2  avg: 23.8ms  pos:+118.2mm
2026-07-31 11:59:01,263  I      fps: 40.0  avg: 25.1ms  pos:+118.4mm
2026-07-31 11:59:06,263  I      fps: 40.6  avg: 24.6ms  pos:+118.4mm
2026-07-31 11:59:11,273  I      fps: 38.6  avg: 25.9ms  pos:+118.8mm
2026-07-31 11:59:16,294  I      fps: 39.6  avg: 25.4ms  pos:+118.3mm
2026-07-31 11:59:21,294  I      fps: 40.2  avg: 24.9ms  pos:+118.4mm
2026-07-31 11:59:26,297  I      fps: 40.8  avg: 24.5ms  pos:+118.1mm
2026-07-31 11:59:31,307  I      fps: 39.6  avg: 25.3ms  pos:+118.3mm
2026-07-31 11:59:36,331  I      fps: 40.2  avg: 25.0ms  pos:+118.3mm
2026-07-31 11:59:41,354  I      fps: 40.6  avg: 24.7ms  pos:+118.3mm
2026-07-31 11:59:46,368  I      fps: 41.0  avg: 24.5ms  pos:+118.7mm
2026-07-31 11:59:51,374  I      fps: 40.2  avg: 24.9ms  pos:+118.3mm
2026-07-31 11:59:56,395  I      fps: 40.8  avg: 24.6ms  pos:+117.9mm
2026-07-31 12:00:01,414  I      fps: 38.8  avg: 25.9ms  pos:+117.7mm
2026-07-31 12:00:06,435  I      fps: 39.8  avg: 25.2ms  pos:+117.9mm
2026-07-31 12:00:11,453  I      fps: 39.8  avg: 25.2ms  pos:+117.9mm
2026-07-31 12:00:16,465  I      fps: 40.2  avg: 24.9ms  pos:+117.9mm
2026-07-31 12:00:21,478  I      fps: 40.0  avg: 25.1ms  pos:+117.9mm
2026-07-31 12:00:26,485  I      fps: 40.2  avg: 24.9ms  pos:+118.1mm
2026-07-31 12:00:31,502  I      fps: 39.8  avg: 25.2ms  pos:+118.8mm
2026-07-31 12:00:36,504  I      fps: 42.0  avg: 23.8ms  pos:+119.3mm
2026-07-31 12:00:41,506  I      fps: 40.6  avg: 24.6ms  pos:+119.5mm
2026-07-31 12:00:46,508  I      fps: 39.8  avg: 25.1ms  pos:+118.3mm
2026-07-31 12:00:51,522  I      fps: 41.6  avg: 24.1ms  pos:+118.5mm
2026-07-31 12:00:56,536  I      fps: 42.2  avg: 23.8ms  pos:+119.3mm
2026-07-31 12:01:01,538  I      fps: 40.2  avg: 24.9ms  pos:+119.6mm
2026-07-31 12:01:06,548  I      fps: 41.0  avg: 24.4ms  pos:+118.3mm
2026-07-31 12:01:11,550  I      fps: 39.6  avg: 25.3ms  pos:+118.6mm
2026-07-31 12:01:16,570  I      fps: 41.2  avg: 24.4ms  pos:+118.1mm
2026-07-31 12:01:21,578  I      fps: 39.2  avg: 25.5ms  pos:+118.4mm
2026-07-31 12:01:26,582  I      fps: 40.4  avg: 24.8ms  pos:+118.5mm
2026-07-31 12:01:31,598  I      fps: 40.8  avg: 24.6ms  pos:+118.6mm
2026-07-31 12:01:36,604  I      fps: 40.6  avg: 24.6ms  pos:+118.3mm
2026-07-31 12:01:41,614  I      fps: 39.2  avg: 25.6ms  pos:+118.1mm
2026-07-31 12:01:46,622  I      fps: 41.2  avg: 24.3ms  pos:+118.4mm
2026-07-31 12:01:51,635  I      fps: 40.2  avg: 24.9ms  pos:+118.2mm
2026-07-31 12:01:56,643  I      fps: 41.2  avg: 24.3ms  pos:+118.2mm
2026-07-31 12:02:01,658  I      fps: 42.6  avg: 23.5ms  pos:+118.6mm
2026-07-31 12:02:06,673  I      fps: 41.2  avg: 24.3ms  pos:+118.9mm
2026-07-31 12:02:11,682  I      fps: 42.2  avg: 23.7ms  pos:+118.7mm
2026-07-31 12:02:16,690  I      fps: 41.6  avg: 24.1ms  pos:+118.5mm
2026-07-31 12:02:21,702  I      fps: 40.8  avg: 24.6ms  pos:+118.7mm
2026-07-31 12:02:26,722  I      fps: 42.0  avg: 23.9ms  pos:+118.5mm
2026-07-31 12:02:31,735  I      fps: 40.8  avg: 24.6ms  pos:+119.0mm
2026-07-31 12:02:36,755  I      fps: 41.6  avg: 24.1ms  pos:+118.2mm
2026-07-31 12:02:41,780  I      fps: 40.6  avg: 24.7ms  pos:+118.7mm
2026-07-31 12:02:46,805  I      fps: 40.0  avg: 25.1ms  pos:+118.4mm
2026-07-31 12:02:51,819  I      fps: 40.6  avg: 24.7ms  pos:+119.0mm
2026-07-31 12:02:56,825  I      fps: 39.2  avg: 25.5ms  pos:+118.9mm
2026-07-31 12:03:01,829  I      fps: 40.2  avg: 24.9ms  pos:+118.5mm
2026-07-31 12:03:06,848  I      fps: 42.0  avg: 23.9ms  pos:+118.6mm
2026-07-31 12:03:11,850  I      fps: 41.4  avg: 24.2ms  pos:+118.6mm
2026-07-31 12:03:16,865  I      fps: 42.6  avg: 23.5ms  pos:+118.7mm
2026-07-31 12:03:21,867  I      fps: 40.0  avg: 25.0ms  pos:+118.7mm
2026-07-31 12:03:26,890  I      fps: 40.2  avg: 25.0ms  pos:+119.1mm
2026-07-31 12:03:31,903  I      fps: 40.0  avg: 25.1ms  pos:+118.9mm
2026-07-31 12:03:36,921  I      fps: 40.0  avg: 25.1ms  pos:+118.4mm
2026-07-31 12:03:41,942  I      fps: 39.2  avg: 25.6ms  pos:+118.5mm
2026-07-31 12:03:46,961  I      fps: 38.6  avg: 26.0ms  pos:+118.8mm
2026-07-31 12:03:51,983  I      fps: 39.6  avg: 25.4ms  pos:+119.1mm
2026-07-31 12:03:56,998  I      fps: 41.2  avg: 24.3ms  pos:+119.0mm
2026-07-31 12:04:02,002  I      fps: 40.6  avg: 24.6ms  pos:+118.8mm
2026-07-31 12:04:07,007  I      fps: 40.2  avg: 24.9ms  pos:+118.8mm
2026-07-31 12:04:12,009  I      fps: 40.4  avg: 24.8ms  pos:+119.1mm
2026-07-31 12:04:17,015  I      fps: 40.4  avg: 24.8ms  pos:+118.5mm
2026-07-31 12:04:22,028  I      fps: 40.2  avg: 24.9ms  pos:+118.8mm
2026-07-31 12:04:27,031  I      fps: 41.8  avg: 23.9ms  pos:+119.0mm
2026-07-31 12:04:32,034  I      fps: 42.4  avg: 23.6ms  pos:+119.0mm
2026-07-31 12:04:37,046  I      fps: 42.4  avg: 23.6ms  pos:+119.0mm
2026-07-31 12:04:42,069  I      fps: 41.4  avg: 24.3ms  pos:+119.1mm
2026-07-31 12:04:47,073  I      fps: 41.2  avg: 24.3ms  pos:+119.0mm
2026-07-31 12:04:52,086  I      fps: 40.4  avg: 24.8ms  pos:+118.8mm
2026-07-31 12:04:57,106  I      fps: 38.6  avg: 26.0ms  pos:+118.9mm
2026-07-31 12:05:02,124  I      fps: 40.8  avg: 24.6ms  pos:+119.0mm
2026-07-31 12:05:07,136  I      fps: 40.2  avg: 24.9ms  pos:+118.5mm
2026-07-31 12:05:12,151  I      fps: 40.2  avg: 24.9ms  pos:+118.9mm
2026-07-31 12:05:17,173  I      fps: 39.2  avg: 25.6ms  pos:+118.9mm
2026-07-31 12:05:22,181  I      fps: 41.2  avg: 24.3ms  pos:+119.0mm
2026-07-31 12:05:27,186  I      fps: 41.2  avg: 24.3ms  pos:+118.8mm
2026-07-31 12:05:32,200  I      fps: 42.0  avg: 23.9ms  pos:+118.9mm
2026-07-31 12:05:37,216  I      fps: 39.6  avg: 25.3ms  pos:+118.9mm
2026-07-31 12:05:42,236  I      fps: 39.8  avg: 25.2ms  pos:+118.8mm
2026-07-31 12:05:47,241  I      fps: 40.2  avg: 24.9ms  pos:+118.6mm
2026-07-31 12:05:52,250  I      fps: 40.6  avg: 24.7ms  pos:+118.9mm
2026-07-31 12:05:57,262  I      fps: 40.0  avg: 25.1ms  pos:+118.9mm
2026-07-31 12:06:02,280  I      fps: 41.2  avg: 24.4ms  pos:+118.7mm
2026-07-31 12:06:07,298  I      fps: 39.8  avg: 25.2ms  pos:+118.8mm
2026-07-31 12:06:12,322  I      fps: 40.0  avg: 25.1ms  pos:+118.9mm
2026-07-31 12:06:17,337  I      fps: 40.2  avg: 24.9ms  pos:+118.8mm
2026-07-31 12:06:22,357  I      fps: 37.8  avg: 26.6ms  pos:+119.1mm
2026-07-31 12:06:27,363  I      fps: 37.0  avg: 27.0ms  pos:+119.3mm
2026-07-31 12:06:32,383  I      fps: 39.8  avg: 25.2ms  pos:+118.6mm
2026-07-31 12:06:37,404  I      fps: 41.0  avg: 24.5ms  pos:+118.9mm
2026-07-31 12:06:42,418  I      fps: 41.8  avg: 24.0ms  pos:+118.9mm
2026-07-31 12:06:47,421  I      fps: 40.2  avg: 24.9ms  pos:+118.5mm
2026-07-31 12:06:52,437  I      fps: 40.2  avg: 24.9ms  pos:+118.9mm
2026-07-31 12:06:57,453  I      fps: 41.4  avg: 24.2ms  pos:+118.4mm
2026-07-31 12:07:02,466  I      fps: 37.4  avg: 26.8ms  pos:+118.9mm
2026-07-31 12:07:07,470  I      fps: 33.4  avg: 30.0ms  pos:+118.8mm
2026-07-31 12:07:12,497  I      fps: 28.0  avg: 35.9ms  pos:+118.9mm
2026-07-31 12:07:17,506  I      fps: 32.8  avg: 30.5ms  pos:+118.9mm
2026-07-31 12:07:22,523  I      fps: 38.2  avg: 26.3ms  pos:+118.6mm
2026-07-31 12:07:27,540  I      fps: 42.4  avg: 23.7ms  pos:+118.9mm
2026-07-31 12:07:32,551  I      fps: 41.8  avg: 24.0ms  pos:+118.8mm
2026-07-31 12:07:37,574  I      fps: 41.8  avg: 24.0ms  pos:+118.6mm
2026-07-31 12:07:42,582  I      fps: 39.0  avg: 25.7ms  pos:+118.7mm
2026-07-31 12:07:47,591  I      fps: 38.2  avg: 26.2ms  pos:+118.8mm
2026-07-31 12:07:52,615  I      fps: 35.8  avg: 28.1ms  pos:+118.5mm
2026-07-31 12:07:57,626  I      fps: 38.2  avg: 26.2ms  pos:+118.4mm
2026-07-31 12:08:02,633  I      fps: 37.8  avg: 26.5ms  pos:+118.1mm
2026-07-31 12:08:07,645  I      fps: 39.8  avg: 25.2ms  pos:+118.5mm
2026-07-31 12:08:12,652  I      fps: 40.2  avg: 24.9ms  pos:+118.4mm
2026-07-31 12:08:17,674  I      fps: 41.2  avg: 24.4ms  pos:+118.5mm
2026-07-31 12:08:22,680  I      fps: 40.2  avg: 24.9ms  pos:+118.6mm
2026-07-31 12:08:27,701  I      fps: 40.2  avg: 25.0ms  pos:+118.8mm
2026-07-31 12:08:32,712  I      fps: 40.2  avg: 24.9ms  pos:+118.6mm
2026-07-31 12:08:37,722  I      fps: 39.4  avg: 25.4ms  pos:+118.6mm
2026-07-31 12:08:42,746  I      fps: 40.0  avg: 25.1ms  pos:+118.6mm
2026-07-31 12:08:47,751  I      fps: 36.8  avg: 27.2ms  pos:+118.5mm
2026-07-31 12:08:52,759  I      fps: 35.6  avg: 28.1ms  pos:+118.6mm
2026-07-31 12:08:57,777  I      fps: 37.8  avg: 26.5ms  pos:+118.8mm
2026-07-31 12:09:02,794  I      fps: 39.8  avg: 25.2ms  pos:+118.4mm
2026-07-31 12:09:07,802  I      fps: 40.4  avg: 24.8ms  pos:+118.4mm
2026-07-31 12:09:12,815  I      fps: 40.0  avg: 25.1ms  pos:+119.1mm
2026-07-31 12:09:17,834  I      fps: 40.2  avg: 25.0ms  pos:+118.5mm
2026-07-31 12:09:22,850  I      fps: 42.4  avg: 23.7ms  pos:+119.5mm
2026-07-31 12:09:27,857  I      fps: 41.4  avg: 24.2ms  pos:+118.9mm
2026-07-31 12:09:32,865  I      fps: 40.8  avg: 24.5ms  pos:+118.8mm
2026-07-31 12:09:37,883  I      fps: 38.8  avg: 25.9ms  pos:+118.5mm
2026-07-31 12:09:42,886  I      fps: 40.2  avg: 24.9ms  pos:+118.6mm
2026-07-31 12:09:47,887  I      fps: 40.0  avg: 25.0ms  pos:+118.8mm
2026-07-31 12:09:52,890  I      fps: 40.2  avg: 24.9ms  pos:+118.9mm
2026-07-31 12:09:57,905  I      fps: 41.2  avg: 24.3ms  pos:+119.0mm
2026-07-31 12:10:02,927  I      fps: 39.4  avg: 25.5ms  pos:+118.4mm
2026-07-31 12:10:07,929  I      fps: 40.0  avg: 25.0ms  pos:+118.7mm
2026-07-31 12:10:12,961  I      fps: 39.8  avg: 25.3ms  pos:+118.6mm
2026-07-31 12:10:17,986  I      fps: 35.0  avg: 28.7ms  pos:+118.7mm
2026-07-31 12:10:23,009  I      fps: 35.6  avg: 28.2ms  pos:+118.7mm
2026-07-31 12:10:28,019  I      fps: 40.6  avg: 24.7ms  pos:+118.6mm
2026-07-31 12:10:33,026  I      fps: 39.6  avg: 25.3ms  pos:+118.4mm
2026-07-31 12:10:38,045  I      fps: 40.0  avg: 25.1ms  pos:+118.7mm
2026-07-31 12:10:43,070  I      fps: 39.6  avg: 25.4ms  pos:+118.7mm
2026-07-31 12:10:48,089  I      fps: 39.4  avg: 25.5ms  pos:+118.8mm
2026-07-31 12:10:53,110  I      fps: 37.6  avg: 26.7ms  pos:+118.5mm
2026-07-31 12:10:58,113  I      fps: 35.0  avg: 28.6ms  pos:+118.9mm
2026-07-31 12:11:03,136  I      fps: 39.4  avg: 25.5ms  pos:+118.5mm
2026-07-31 12:11:08,163  I      fps: 40.0  avg: 25.1ms  pos:+118.7mm
2026-07-31 12:11:13,186  I      fps: 40.2  avg: 25.0ms  pos:+118.9mm
2026-07-31 12:11:18,207  I      fps: 40.4  avg: 24.9ms  pos:+118.5mm
2026-07-31 12:11:23,214  I      fps: 39.6  avg: 25.3ms  pos:+118.5mm
2026-07-31 12:11:28,237  I      fps: 40.0  avg: 25.1ms  pos:+118.6mm
2026-07-31 12:11:33,260  I      fps: 39.8  avg: 25.2ms  pos:+118.7mm
2026-07-31 12:11:38,279  I      fps: 39.4  avg: 25.5ms  pos:+118.4mm
2026-07-31 12:11:43,299  I      fps: 40.0  avg: 25.1ms  pos:+118.4mm
2026-07-31 12:11:48,300  I      fps: 36.2  avg: 27.6ms  pos:+118.7mm
2026-07-31 12:11:53,317  I      fps: 36.6  avg: 27.4ms  pos:+118.7mm
2026-07-31 12:11:58,327  I      fps: 40.6  avg: 24.7ms  pos:+118.5mm
2026-07-31 12:12:03,347  I      fps: 41.6  avg: 24.1ms  pos:+118.7mm
2026-07-31 12:12:08,362  I      fps: 40.8  avg: 24.6ms  pos:+118.3mm
2026-07-31 12:12:13,388  I      fps: 31.8  avg: 31.6ms  pos:+118.6mm
2026-07-31 12:12:18,404  I      fps: 31.4  avg: 31.9ms  pos:+118.5mm
2026-07-31 12:12:23,418  I      fps: 33.2  avg: 30.2ms  pos:+118.5mm
2026-07-31 12:12:28,420  I      fps: 39.0  avg: 25.6ms  pos:+118.6mm
2026-07-31 12:12:33,440  I      fps: 41.8  avg: 24.0ms  pos:+118.4mm
2026-07-31 12:12:38,459  I      fps: 41.8  avg: 24.0ms  pos:+118.7mm
2026-07-31 12:12:43,476  I      fps: 41.0  avg: 24.5ms  pos:+118.6mm
2026-07-31 12:12:48,495  I      fps: 39.8  avg: 25.2ms  pos:+119.3mm
2026-07-31 12:12:53,515  I      fps: 38.8  avg: 25.9ms  pos:+118.6mm
2026-07-31 12:12:58,523  I      fps: 41.8  avg: 23.9ms  pos:+119.1mm
2026-07-31 12:13:03,534  I      fps: 40.0  avg: 25.0ms  pos:+118.7mm
2026-07-31 12:13:08,545  I      fps: 37.4  avg: 26.8ms  pos:+119.1mm
2026-07-31 12:13:13,554  I      fps: 40.4  avg: 24.8ms  pos:+119.0mm
2026-07-31 12:13:18,567  I      fps: 41.2  avg: 24.3ms  pos:+119.0mm
2026-07-31 12:13:23,594  I      fps: 39.4  avg: 25.5ms  pos:+119.3mm
2026-07-31 12:13:28,610  I      fps: 39.0  avg: 25.7ms  pos:+119.4mm
2026-07-31 12:13:33,628  I      fps: 43.4  avg: 23.1ms  pos:+118.9mm
2026-07-31 12:13:38,629  I      fps: 44.4  avg: 22.5ms  pos:+118.9mm
2026-07-31 12:13:43,635  I      fps: 44.4  avg: 22.5ms  pos:+118.9mm
2026-07-31 12:13:48,654  I      fps: 45.2  avg: 22.2ms  pos:+118.9mm
2026-07-31 12:13:53,657  I      fps: 46.0  avg: 21.7ms  pos:+118.9mm
2026-07-31 12:13:58,673  I      fps: 44.6  avg: 22.5ms  pos:+118.9mm
2026-07-31 12:14:03,679  I      fps: 43.4  avg: 23.1ms  pos:+118.9mm
2026-07-31 12:14:08,685  I      fps: 44.6  avg: 22.4ms  pos:+118.9mm
2026-07-31 12:14:13,710  I      fps: 43.4  avg: 23.1ms  pos:+118.9mm
2026-07-31 12:14:18,736  I      fps: 36.6  avg: 27.5ms  pos:+118.9mm
2026-07-31 12:14:23,739  I      fps: 36.2  avg: 27.6ms  pos:+118.9mm
2026-07-31 12:14:28,765  I      fps: 36.4  avg: 27.6ms  pos:+118.9mm
2026-07-31 12:14:33,770  I      fps: 36.2  avg: 27.6ms  pos:+118.9mm
2026-07-31 12:14:38,777  I      fps: 35.8  avg: 28.0ms  pos:+118.9mm
2026-07-31 12:14:43,782  I      fps: 37.4  avg: 26.8ms  pos:+118.9mm
2026-07-31 12:14:48,786  I      fps: 43.6  avg: 22.9ms  pos:+118.9mm
2026-07-31 12:14:53,798  I      fps: 45.6  avg: 22.0ms  pos:+118.9mm
2026-07-31 12:14:58,801  I      fps: 47.2  avg: 21.2ms  pos:+118.9mm
2026-07-31 12:15:03,806  I      fps: 48.6  avg: 20.6ms  pos:+118.9mm
2026-07-31 12:15:08,809  I      fps: 45.0  avg: 22.2ms  pos:+118.9mm
2026-07-31 12:15:13,825  I      fps: 42.4  avg: 23.6ms  pos:+118.9mm
2026-07-31 12:15:18,828  I      fps: 43.2  avg: 23.2ms  pos:+118.9mm
2026-07-31 12:15:23,843  I      fps: 40.6  avg: 24.7ms  pos:+118.9mm
2026-07-31 12:15:28,863  I      fps: 36.4  avg: 27.6ms  pos:+118.9mm
2026-07-31 12:15:33,889  I      fps: 36.6  avg: 27.5ms  pos:+118.9mm
2026-07-31 12:15:38,905  I      fps: 36.4  avg: 27.5ms  pos:+118.9mm
2026-07-31 12:15:43,908  I      fps: 34.8  avg: 28.7ms  pos:+118.9mm
2026-07-31 12:15:48,914  I      fps: 36.0  avg: 27.8ms  pos:+118.9mm
2026-07-31 12:15:53,942  I      fps: 35.4  avg: 28.4ms  pos:+118.9mm
2026-07-31 12:15:58,956  I      fps: 36.4  avg: 27.5ms  pos:+118.9mm
2026-07-31 12:16:03,971  I      fps: 36.0  avg: 27.9ms  pos:+118.9mm
2026-07-31 12:16:09,001  I      fps: 35.8  avg: 28.1ms  pos:+118.9mm
2026-07-31 12:16:14,027  I      fps: 36.6  avg: 27.5ms  pos:+118.9mm
2026-07-31 12:16:19,055  I      fps: 36.0  avg: 27.9ms  pos:+118.9mm
2026-07-31 12:16:24,083  I      fps: 35.8  avg: 28.1ms  pos:+118.9mm
2026-07-31 12:16:29,098  I      fps: 35.8  avg: 28.0ms  pos:+118.9mm
2026-07-31 12:16:34,107  I      fps: 36.0  avg: 27.8ms  pos:+118.9mm
2026-07-31 12:16:39,119  I      fps: 35.8  avg: 28.0ms  pos:+118.9mm
2026-07-31 12:16:44,128  I      fps: 35.4  avg: 28.3ms  pos:+118.9mm
2026-07-31 12:16:49,149  I      fps: 35.8  avg: 28.0ms  pos:+118.9mm
2026-07-31 12:16:54,160  I      fps: 35.6  avg: 28.1ms  pos:+118.9mm
2026-07-31 12:16:59,178  I      fps: 35.6  avg: 28.2ms  pos:+118.9mm
2026-07-31 12:17:04,183  I      fps: 35.8  avg: 27.9ms  pos:+118.9mm
2026-07-31 12:17:09,204  I      fps: 35.8  avg: 28.0ms  pos:+118.9mm
2026-07-31 12:17:14,221  I      fps: 36.0  avg: 27.9ms  pos:+118.9mm
2026-07-31 12:17:19,222  I      fps: 35.4  avg: 28.2ms  pos:+118.9mm
2026-07-31 12:17:24,225  I      fps: 35.2  avg: 28.4ms  pos:+118.9mm
2026-07-31 12:17:29,243  I      fps: 35.2  avg: 28.5ms  pos:+118.9mm
2026-07-31 12:17:34,244  I      fps: 35.8  avg: 27.9ms  pos:+118.9mm
2026-07-31 12:17:39,264  I      fps: 35.6  avg: 28.2ms  pos:+118.9mm
2026-07-31 12:17:44,287  I      fps: 36.0  avg: 27.8ms  pos:+118.9mm
2026-07-31 12:17:49,314  I      fps: 34.8  avg: 28.8ms  pos:+118.9mm
2026-07-31 12:17:54,322  I      fps: 35.4  avg: 28.3ms  pos:+118.9mm
2026-07-31 12:17:59,335  I      fps: 35.4  avg: 28.3ms  pos:+118.9mm
2026-07-31 12:18:04,404  I      fps: 36.0  avg: 27.9ms  pos:+118.9mm
2026-07-31 12:18:09,432  I      fps: 36.0  avg: 27.9ms  pos:+118.9mm
2026-07-31 12:18:14,450  I      fps: 35.4  avg: 28.3ms  pos:+118.9mm
2026-07-31 12:18:19,474  I      fps: 35.6  avg: 28.2ms  pos:+118.9mm
2026-07-31 12:18:24,487  I      fps: 35.4  avg: 28.3ms  pos:+118.9mm
2026-07-31 12:18:29,508  I      fps: 35.4  avg: 28.4ms  pos:+118.9mm
2026-07-31 12:18:34,513  I      fps: 35.6  avg: 28.1ms  pos:+118.9mm
2026-07-31 12:18:39,522  I      fps: 35.6  avg: 28.1ms  pos:+118.9mm
2026-07-31 12:18:44,538  I      fps: 35.2  avg: 28.5ms  pos:+118.9mm
2026-07-31 12:18:49,553  I      fps: 35.8  avg: 28.0ms  pos:+118.9mm
2026-07-31 12:18:54,562  I      fps: 35.4  avg: 28.3ms  pos:+118.9mm
2026-07-31 12:18:59,570  I      fps: 35.4  avg: 28.3ms  pos:+118.9mm
2026-07-31 12:19:04,588  I      fps: 35.8  avg: 28.0ms  pos:+118.9mm
2026-07-31 12:19:09,601  I      fps: 35.0  avg: 28.6ms  pos:+118.9mm
2026-07-31 12:19:14,614  I      fps: 35.6  avg: 28.2ms  pos:+118.9mm
2026-07-31 12:19:19,617  I      fps: 35.6  avg: 28.1ms  pos:+118.9mm
2026-07-31 12:19:24,625  I      fps: 35.2  avg: 28.4ms  pos:+118.9mm
2026-07-31 12:19:29,638  I      fps: 35.0  avg: 28.6ms  pos:+118.9mm
2026-07-31 12:19:34,643  I      fps: 35.8  avg: 28.0ms  pos:+118.9mm
2026-07-31 12:19:39,668  I      fps: 36.0  avg: 27.9ms  pos:+118.9mm
2026-07-31 12:19:44,699  I      fps: 35.8  avg: 28.1ms  pos:+118.9mm
2026-07-31 12:19:49,704  I      fps: 35.6  avg: 28.1ms  pos:+118.9mm
2026-07-31 12:19:54,725  I      fps: 35.4  avg: 28.4ms  pos:+118.9mm
2026-07-31 12:19:59,727  I      fps: 35.4  avg: 28.2ms  pos:+118.9mm
2026-07-31 12:20:04,732  I      fps: 35.0  avg: 28.6ms  pos:+118.9mm
2026-07-31 12:20:09,741  I      fps: 35.2  avg: 28.5ms  pos:+118.9mm
2026-07-31 12:20:14,772  I      fps: 35.8  avg: 28.1ms  pos:+118.9mm
2026-07-31 12:20:19,790  I      fps: 35.8  avg: 28.0ms  pos:+118.9mm
2026-07-31 12:20:24,811  I      fps: 35.2  avg: 28.5ms  pos:+118.9mm
2026-07-31 12:20:29,815  I      fps: 35.6  avg: 28.1ms  pos:+118.9mm
2026-07-31 12:20:34,828  I      fps: 35.6  avg: 28.2ms  pos:+118.9mm
2026-07-31 12:20:39,852  I      fps: 35.8  avg: 28.1ms  pos:+118.9mm
2026-07-31 12:20:44,859  I      fps: 35.2  avg: 28.4ms  pos:+118.9mm
2026-07-31 12:20:49,880  I      fps: 35.8  avg: 28.0ms  pos:+118.9mm
2026-07-31 12:20:54,902  I      fps: 35.2  avg: 28.5ms  pos:+118.9mm
2026-07-31 12:20:59,907  I      fps: 35.4  avg: 28.3ms  pos:+118.9mm
2026-07-31 12:21:04,927  I      fps: 35.6  avg: 28.2ms  pos:+118.9mm
2026-07-31 12:21:09,944  I      fps: 35.4  avg: 28.3ms  pos:+118.9mm
2026-07-31 12:21:14,964  I      fps: 36.2  avg: 27.7ms  pos:+118.9mm
2026-07-31 12:21:19,969  I      fps: 35.4  avg: 28.3ms  pos:+118.9mm
2026-07-31 12:21:24,982  I      fps: 35.2  avg: 28.5ms  pos:+118.9mm
2026-07-31 12:21:30,004  I      fps: 35.8  avg: 28.0ms  pos:+118.9mm
2026-07-31 12:21:35,009  I      fps: 35.6  avg: 28.1ms  pos:+118.9mm
2026-07-31 12:21:40,011  I      fps: 35.2  avg: 28.4ms  pos:+118.9mm
2026-07-31 12:21:45,020  I      fps: 36.2  avg: 27.7ms  pos:+118.9mm
2026-07-31 12:21:50,043  I      fps: 35.2  avg: 28.5ms  pos:+118.9mm
2026-07-31 12:21:55,051  I      fps: 35.6  avg: 28.1ms  pos:+118.9mm
2026-07-31 12:22:00,068  I      fps: 33.0  avg: 30.4ms  pos:+118.9mm
2026-07-31 12:22:05,088  I      fps: 38.8  avg: 25.9ms  pos:+118.9mm
2026-07-31 12:22:10,108  I      fps: 38.8  avg: 25.9ms  pos:+118.9mm
2026-07-31 12:22:15,130  I      fps: 38.8  avg: 25.9ms  pos:+118.9mm
2026-07-31 12:22:20,134  I      fps: 38.8  avg: 25.8ms  pos:+118.9mm
2026-07-31 12:22:25,147  I      fps: 38.4  avg: 26.1ms  pos:+118.9mm
2026-07-31 12:22:30,149  I      fps: 38.6  avg: 25.9ms  pos:+118.9mm
2026-07-31 12:22:35,150  I      fps: 39.0  avg: 25.6ms  pos:+118.9mm
2026-07-31 12:22:40,172  I      fps: 38.8  avg: 25.9ms  pos:+118.9mm
2026-07-31 12:22:45,194  I      fps: 38.8  avg: 25.9ms  pos:+118.9mm
2026-07-31 12:22:50,200  I      fps: 38.8  avg: 25.8ms  pos:+118.9mm
2026-07-31 12:22:55,211  I      fps: 38.6  avg: 26.0ms  pos:+118.9mm
2026-07-31 12:23:00,215  I      fps: 39.0  avg: 25.7ms  pos:+118.9mm
2026-07-31 12:23:05,225  I      fps: 39.2  avg: 25.6ms  pos:+118.9mm
2026-07-31 12:23:10,231  I      fps: 39.0  avg: 25.7ms  pos:+118.9mm
2026-07-31 12:23:15,238  I      fps: 39.2  avg: 25.5ms  pos:+118.9mm
2026-07-31 12:23:20,257  I      fps: 39.2  avg: 25.6ms  pos:+118.9mm
2026-07-31 12:23:25,274  I      fps: 39.0  avg: 25.7ms  pos:+118.9mm
2026-07-31 12:23:30,297  I      fps: 39.2  avg: 25.6ms  pos:+118.9mm
2026-07-31 12:23:35,315  I      fps: 38.8  avg: 25.9ms  pos:+118.9mm
2026-07-31 12:23:40,333  I      fps: 39.2  avg: 25.6ms  pos:+118.9mm
2026-07-31 12:23:45,341  I      fps: 39.0  avg: 25.7ms  pos:+118.9mm
2026-07-31 12:23:50,356  I      fps: 38.8  avg: 25.8ms  pos:+118.9mm
2026-07-31 12:23:55,373  I      fps: 38.6  avg: 26.0ms  pos:+118.9mm
2026-07-31 12:24:00,378  I      fps: 38.8  avg: 25.8ms  pos:+118.9mm
2026-07-31 12:24:05,789  I      fps: 38.6  avg: 25.9ms  pos:+118.9mm
2026-07-31 12:24:10,807  I      fps: 39.0  avg: 25.7ms  pos:+118.9mm
2026-07-31 12:24:15,813  I      fps: 39.2  avg: 25.5ms  pos:+118.9mm
2026-07-31 12:24:20,819  I      fps: 39.2  avg: 25.5ms  pos:+118.9mm
2026-07-31 12:24:25,823  I      fps: 39.2  avg: 25.5ms  pos:+118.9mm
2026-07-31 12:24:30,836  I      fps: 39.6  avg: 25.3ms  pos:+118.9mm
2026-07-31 12:24:35,853  I      fps: 39.8  avg: 25.2ms  pos:+118.9mm
2026-07-31 12:24:40,860  I      fps: 39.6  avg: 25.3ms  pos:+118.9mm
2026-07-31 12:24:45,886  I      fps: 39.6  avg: 25.4ms  pos:+118.9mm
2026-07-31 12:24:50,890  I      fps: 39.4  avg: 25.4ms  pos:+118.9mm
2026-07-31 12:24:55,891  I      fps: 39.2  avg: 25.5ms  pos:+118.9mm
2026-07-31 12:25:00,898  I      fps: 39.2  avg: 25.5ms  pos:+118.9mm
2026-07-31 12:25:05,915  I      fps: 39.4  avg: 25.5ms  pos:+118.9mm
2026-07-31 12:25:10,916  I      fps: 39.0  avg: 25.6ms  pos:+118.9mm
2026-07-31 12:25:15,934  I      fps: 39.6  avg: 25.3ms  pos:+118.9mm
2026-07-31 12:25:20,940  I      fps: 39.4  avg: 25.4ms  pos:+118.9mm
2026-07-31 12:25:25,943  I      fps: 39.0  avg: 25.6ms  pos:+118.9mm
2026-07-31 12:25:30,952  I      fps: 39.4  avg: 25.4ms  pos:+118.9mm
2026-07-31 12:25:35,962  I      fps: 39.4  avg: 25.4ms  pos:+118.9mm
2026-07-31 12:25:40,975  I      fps: 39.6  avg: 25.3ms  pos:+118.9mm
2026-07-31 12:25:45,981  I      fps: 39.2  avg: 25.5ms  pos:+118.9mm
2026-07-31 12:25:50,983  I      fps: 39.6  avg: 25.3ms  pos:+118.9mm
2026-07-31 12:25:55,987  I      fps: 38.8  avg: 25.8ms  pos:+118.9mm
2026-07-31 12:26:00,996  I      fps: 39.4  avg: 25.4ms  pos:+118.9mm
2026-07-31 12:26:06,002  I      fps: 39.4  avg: 25.4ms  pos:+118.9mm
2026-07-31 12:26:11,007  I      fps: 39.2  avg: 25.5ms  pos:+118.9mm
2026-07-31 12:26:16,033  I      fps: 39.6  avg: 25.4ms  pos:+118.9mm
2026-07-31 12:26:21,043  I      fps: 39.4  avg: 25.4ms  pos:+118.9mm
2026-07-31 12:26:26,058  I      fps: 39.2  avg: 25.6ms  pos:+118.9mm
2026-07-31 12:26:31,066  I      fps: 39.6  avg: 25.3ms  pos:+118.9mm
2026-07-31 12:26:36,078  I      fps: 39.6  avg: 25.3ms  pos:+118.9mm
2026-07-31 12:26:41,086  I      fps: 39.0  avg: 25.7ms  pos:+118.9mm
2026-07-31 12:26:46,108  I      fps: 36.2  avg: 27.7ms  pos:+118.9mm
2026-07-31 12:26:51,129  I      fps: 33.8  avg: 29.7ms  pos:+118.9mm
2026-07-31 12:26:56,154  I      fps: 36.0  avg: 27.9ms  pos:+118.9mm
2026-07-31 12:27:01,166  I      fps: 35.2  avg: 28.5ms  pos:+118.9mm
2026-07-31 12:27:06,172  I      fps: 33.0  avg: 30.3ms  pos:+118.9mm
2026-07-31 12:27:11,187  I      fps: 28.6  avg: 35.1ms  pos:+118.9mm
2026-07-31 12:27:16,195  I      fps: 33.4  avg: 30.0ms  pos:+118.9mm
2026-07-31 12:27:21,200  I      fps: 33.6  avg: 29.8ms  pos:+118.9mm
2026-07-31 12:27:26,211  I      fps: 33.0  avg: 30.4ms  pos:+118.9mm
2026-07-31 12:27:31,215  I      fps: 33.6  avg: 29.8ms  pos:+118.9mm
2026-07-31 12:27:36,234  I      fps: 34.2  avg: 29.3ms  pos:+118.9mm
2026-07-31 12:27:41,247  I      fps: 34.8  avg: 28.8ms  pos:+118.9mm
2026-07-31 12:27:46,260  I      fps: 33.6  avg: 29.8ms  pos:+118.9mm
2026-07-31 12:27:51,283  I      fps: 34.2  avg: 29.4ms  pos:+118.9mm
2026-07-31 12:27:56,308  I      fps: 34.6  avg: 29.0ms  pos:+118.9mm
2026-07-31 12:28:01,328  I      fps: 34.4  avg: 29.2ms  pos:+118.9mm
2026-07-31 12:28:06,345  I      fps: 34.0  avg: 29.5ms  pos:+118.9mm
2026-07-31 12:28:11,377  I      fps: 29.0  avg: 34.7ms  pos:+118.9mm
2026-07-31 12:28:16,387  I      fps: 29.8  avg: 33.6ms  pos:+118.9mm
2026-07-31 12:28:21,393  I      fps: 32.0  avg: 31.3ms  pos:+118.9mm
2026-07-31 12:28:26,394  I      fps: 32.4  avg: 30.9ms  pos:+118.9mm
2026-07-31 12:28:31,421  I      fps: 32.6  avg: 30.8ms  pos:+118.9mm
2026-07-31 12:28:36,447  I      fps: 33.6  avg: 29.9ms  pos:+118.9mm
2026-07-31 12:28:41,476  I      fps: 31.8  avg: 31.6ms  pos:+118.9mm
2026-07-31 12:28:46,485  I      fps: 36.4  avg: 27.5ms  pos:+118.9mm
2026-07-31 12:28:51,493  I      fps: 37.8  avg: 26.5ms  pos:+118.9mm
