2026-07-31 11:33:32,386  WARNING  GPIO  unavailable: No module named 'gpiod'  — heartbeat disabled
2026-07-31 11:33:32,387  INFO   =============================================
2026-07-31 11:33:32,387  INFO   elc26  start  —  headless production mode
2026-07-31 11:33:32,388  INFO   model : /home/radxa/elc26_test/src/yolo_det/best_rknn_model
2026-07-31 11:33:32,388  INFO   calib : /home/radxa/elc26_test/config/pipe_calib.json
2026-07-31 11:33:32,388  INFO   uart  : /dev/ttyS3
2026-07-31 11:33:32,388  INFO   logs  : /home/radxa/elc26_test/logs/start_20260731_113323.log
2026-07-31 11:33:32,389  INFO   =============================================
2026-07-31 11:33:32,959  INFO   camera  open  /dev/video0
2026-07-31 11:33:32,966  INFO   calib  13 pts  |  234 mm  |  axis angle: -0.6°
2026-07-31 11:33:32,968  INFO   uart  open  /dev/ttyS3  @ 1 kHz
2026-07-31 11:33:32,969  INFO   loop  started
2026-07-31 11:33:39,273  I      fps:  0.2  avg:6303.8ms  pos:+116.6mm
2026-07-31 11:33:44,294  I      fps: 39.6  avg: 25.4ms  pos:+116.4mm
2026-07-31 11:33:49,317  I      fps: 40.0  avg: 25.1ms  pos:+116.8mm
2026-07-31 11:33:54,322  I      fps: 40.4  avg: 24.8ms  pos:+116.5mm
2026-07-31 11:33:59,340  I      fps: 38.8  avg: 25.9ms  pos:+116.6mm
2026-07-31 11:34:04,367  I      fps: 40.8  avg: 24.6ms  pos:+116.7mm
2026-07-31 11:34:09,368  I      fps: 38.8  avg: 25.8ms  pos:+116.6mm
2026-07-31 11:34:14,377  I      fps: 40.2  avg: 24.9ms  pos:+116.6mm
2026-07-31 11:34:19,392  I      fps: 40.6  avg: 24.7ms  pos:+116.7mm
2026-07-31 11:34:24,400  I      fps: 40.4  avg: 24.8ms  pos:+116.6mm
2026-07-31 11:34:29,403  I      fps: 39.6  avg: 25.3ms  pos:+116.7mm
2026-07-31 11:34:34,404  I      fps: 34.8  avg: 28.7ms  pos:+116.7mm
2026-07-31 11:34:39,431  I      fps: 36.8  avg: 27.3ms  pos:+116.7mm
2026-07-31 11:34:44,436  I      fps: 36.6  avg: 27.3ms  pos:+116.6mm
2026-07-31 11:34:49,458  I      fps: 36.4  avg: 27.6ms  pos:+116.7mm
2026-07-31 11:34:54,462  I      fps: 40.2  avg: 24.9ms  pos:+116.5mm
2026-07-31 11:34:59,483  I      fps: 41.4  avg: 24.2ms  pos:+116.6mm
2026-07-31 11:35:04,488  I      fps: 39.4  avg: 25.4ms  pos:+116.6mm
2026-07-31 11:35:09,501  I      fps: 40.0  avg: 25.1ms  pos:+116.6mm
2026-07-31 11:35:14,506  I      fps: 35.0  avg: 28.6ms  pos:+116.6mm
2026-07-31 11:35:19,513  I      fps: 40.8  avg: 24.5ms  pos:+116.6mm
2026-07-31 11:35:24,531  I      fps: 40.0  avg: 25.1ms  pos:+116.0mm
2026-07-31 11:35:29,539  I      fps: 40.0  avg: 25.0ms  pos:+116.9mm
2026-07-31 11:35:34,563  I      fps: 42.0  avg: 23.9ms  pos:+116.7mm
2026-07-31 11:35:39,581  I      fps: 41.8  avg: 24.0ms  pos:+116.7mm
2026-07-31 11:35:44,584  I      fps: 41.0  avg: 24.4ms  pos:+116.6mm
2026-07-31 11:35:49,607  I      fps: 44.8  avg: 22.4ms  pos:+116.5mm
2026-07-31 11:35:54,625  I      fps: 42.8  avg: 23.4ms  pos:+116.6mm
2026-07-31 11:35:59,626  I      fps: 41.2  avg: 24.3ms  pos:+117.2mm
2026-07-31 11:36:04,648  I      fps: 41.6  avg: 24.1ms  pos:+116.8mm
2026-07-31 11:36:09,663  I      fps: 40.0  avg: 25.1ms  pos:+116.9mm
2026-07-31 11:36:14,672  I      fps: 42.8  avg: 23.4ms  pos:+116.6mm
2026-07-31 11:36:19,675  I      fps: 40.0  avg: 25.0ms  pos:+116.6mm
2026-07-31 11:36:24,685  I      fps: 40.6  avg: 24.7ms  pos:+116.8mm
2026-07-31 11:36:29,706  I      fps: 42.2  avg: 23.8ms  pos:+116.6mm
2026-07-31 11:36:34,709  I      fps: 42.6  avg: 23.5ms  pos:+116.6mm
2026-07-31 11:36:39,735  I      fps: 41.8  avg: 24.0ms  pos:+116.6mm
2026-07-31 11:36:44,759  I      fps: 42.2  avg: 23.8ms  pos:+116.8mm
2026-07-31 11:36:49,767  I      fps: 41.0  avg: 24.4ms  pos:+117.1mm
2026-07-31 11:36:54,791  I      fps: 38.8  avg: 25.9ms  pos:+116.9mm
2026-07-31 11:36:59,813  I      fps: 39.6  avg: 25.4ms  pos:+117.0mm
2026-07-31 11:37:04,831  I      fps: 40.4  avg: 24.8ms  pos:+116.8mm
2026-07-31 11:37:09,850  I      fps: 39.6  avg: 25.3ms  pos:+116.8mm
2026-07-31 11:37:14,872  I      fps: 40.0  avg: 25.1ms  pos:+116.6mm
2026-07-31 11:37:19,886  I      fps: 40.4  avg: 24.8ms  pos:+116.5mm
2026-07-31 11:37:24,909  I      fps: 39.4  avg: 25.5ms  pos:+116.3mm
2026-07-31 11:37:29,920  I      fps: 38.4  avg: 26.1ms  pos:+116.6mm
2026-07-31 11:37:34,935  I      fps: 39.4  avg: 25.4ms  pos:+116.9mm
2026-07-31 11:37:39,956  I      fps: 40.2  avg: 25.0ms  pos:+116.7mm
2026-07-31 11:37:44,966  I      fps: 40.4  avg: 24.8ms  pos:+116.6mm
2026-07-31 11:37:49,983  I      fps: 38.8  avg: 25.9ms  pos:+116.8mm
2026-07-31 11:37:54,995  I      fps: 40.8  avg: 24.6ms  pos:+116.6mm
2026-07-31 11:38:00,000  I      fps: 40.2  avg: 24.9ms  pos:+116.8mm
2026-07-31 11:38:05,010  I      fps: 40.0  avg: 25.0ms  pos:+116.9mm
2026-07-31 11:38:10,033  I      fps: 39.6  avg: 25.4ms  pos:+116.4mm
2026-07-31 11:38:15,045  I      fps: 40.2  avg: 24.9ms  pos:+116.6mm
2026-07-31 11:38:20,053  I      fps: 39.8  avg: 25.2ms  pos:+116.6mm
2026-07-31 11:38:25,062  I      fps: 39.4  avg: 25.4ms  pos:+116.6mm
2026-07-31 11:38:30,087  I      fps: 38.6  avg: 26.0ms  pos:+116.8mm
2026-07-31 11:38:35,093  I      fps: 39.2  avg: 25.5ms  pos:+117.0mm
2026-07-31 11:38:40,099  I      fps: 39.2  avg: 25.5ms  pos:+116.8mm
2026-07-31 11:38:45,108  I      fps: 40.0  avg: 25.0ms  pos:+116.7mm
2026-07-31 11:38:50,125  I      fps: 39.0  avg: 25.7ms  pos:+116.7mm
2026-07-31 11:38:55,142  I      fps: 39.0  avg: 25.7ms  pos:+116.3mm
2026-07-31 11:39:00,163  I      fps: 35.8  avg: 28.0ms  pos:+116.2mm
2026-07-31 11:39:05,183  I      fps: 39.6  avg: 25.3ms  pos:+116.5mm
2026-07-31 11:39:10,194  I      fps: 38.6  avg: 26.0ms  pos:+116.2mm
2026-07-31 11:39:15,208  I      fps: 39.0  avg: 25.7ms  pos:+116.6mm
2026-07-31 11:39:20,223  I      fps: 39.8  avg: 25.2ms  pos:+116.6mm
2026-07-31 11:39:25,250  I      fps: 35.2  avg: 28.6ms  pos:+116.5mm
2026-07-31 11:39:30,266  I      fps: 36.6  avg: 27.4ms  pos:+116.7mm
2026-07-31 11:39:35,278  I      fps: 35.0  avg: 28.6ms  pos:+116.5mm
2026-07-31 11:39:40,293  I      fps: 41.0  avg: 24.5ms  pos:+116.7mm
2026-07-31 11:39:45,302  I      fps: 41.0  avg: 24.4ms  pos:+116.6mm
2026-07-31 11:39:50,304  I      fps: 39.6  avg: 25.3ms  pos:+116.6mm
2026-07-31 11:39:55,315  I      fps: 39.8  avg: 25.2ms  pos:+116.9mm
2026-07-31 11:40:00,324  I      fps: 40.6  avg: 24.7ms  pos:+116.8mm
2026-07-31 11:40:05,334  I      fps: 41.6  avg: 24.1ms  pos:+116.6mm
2026-07-31 11:40:10,348  I      fps: 41.4  avg: 24.2ms  pos:+116.6mm
2026-07-31 11:40:15,357  I      fps: 39.0  avg: 25.7ms  pos:+116.6mm
2026-07-31 11:40:20,365  I      fps: 41.0  avg: 24.4ms  pos:+116.7mm
2026-07-31 11:40:25,391  I      fps: 38.8  avg: 25.9ms  pos:+116.6mm
2026-07-31 11:40:30,404  I      fps: 39.6  avg: 25.3ms  pos:+116.9mm
2026-07-31 11:40:35,405  I      fps: 39.4  avg: 25.4ms  pos:+116.8mm
2026-07-31 11:40:40,430  I      fps: 41.4  avg: 24.3ms  pos:+116.7mm
2026-07-31 11:40:45,437  I      fps: 40.8  avg: 24.5ms  pos:+116.6mm
2026-07-31 11:40:50,443  I      fps: 39.8  avg: 25.2ms  pos:+116.6mm
2026-07-31 11:40:55,466  I      fps: 40.2  avg: 25.0ms  pos:+116.6mm
2026-07-31 11:41:00,473  I      fps: 41.2  avg: 24.3ms  pos:+116.5mm
2026-07-31 11:41:05,477  I      fps: 41.0  avg: 24.4ms  pos:+116.9mm
2026-07-31 11:41:10,485  I      fps: 41.2  avg: 24.3ms  pos:+116.7mm
2026-07-31 11:41:15,505  I      fps: 41.4  avg: 24.2ms  pos:+116.7mm
2026-07-31 11:41:20,506  I      fps: 39.2  avg: 25.5ms  pos:+117.1mm
2026-07-31 11:41:25,534  I      fps: 40.4  avg: 24.9ms  pos:+116.9mm
2026-07-31 11:41:30,548  I      fps: 41.2  avg: 24.3ms  pos:+116.6mm
2026-07-31 11:41:35,550  I      fps: 40.2  avg: 24.9ms  pos:+116.6mm
2026-07-31 11:41:40,567  I      fps: 41.2  avg: 24.3ms  pos:+117.0mm
2026-07-31 11:41:45,583  I      fps: 41.8  avg: 24.0ms  pos:+116.8mm
2026-07-31 11:41:50,602  I      fps: 42.4  avg: 23.7ms  pos:+116.7mm
2026-07-31 11:41:55,614  I      fps: 39.4  avg: 25.4ms  pos:+116.6mm
2026-07-31 11:42:00,615  I      fps: 38.6  avg: 25.9ms  pos:+117.0mm
2026-07-31 11:42:05,626  I      fps: 40.6  avg: 24.7ms  pos:+117.0mm
2026-07-31 11:42:10,644  I      fps: 39.2  avg: 25.6ms  pos:+116.7mm
2026-07-31 11:42:15,651  I      fps: 38.2  avg: 26.2ms  pos:+117.0mm
2026-07-31 11:42:20,663  I      fps: 39.6  avg: 25.3ms  pos:+116.6mm
2026-07-31 11:42:25,689  I      fps: 41.4  avg: 24.3ms  pos:+116.8mm
2026-07-31 11:42:30,700  I      fps: 40.0  avg: 25.0ms  pos:+116.6mm
2026-07-31 11:42:35,700  I      fps: 41.4  avg: 24.2ms  pos:+116.9mm
2026-07-31 11:42:40,715  I      fps: 39.0  avg: 25.7ms  pos:+116.7mm
2026-07-31 11:42:45,723  I      fps: 40.4  avg: 24.8ms  pos:+116.7mm
2026-07-31 11:42:50,730  I      fps: 40.0  avg: 25.0ms  pos:+116.7mm
2026-07-31 11:42:55,742  I      fps: 39.0  avg: 25.7ms  pos:+116.7mm
2026-07-31 11:43:00,765  I      fps: 40.4  avg: 24.9ms  pos:+116.7mm
2026-07-31 11:43:05,772  I      fps: 39.0  avg: 25.7ms  pos:+116.6mm
2026-07-31 11:43:10,779  I      fps: 40.2  avg: 24.9ms  pos:+116.6mm
2026-07-31 11:43:15,784  I      fps: 41.0  avg: 24.4ms  pos:+116.7mm
2026-07-31 11:43:20,807  I      fps: 39.6  avg: 25.4ms  pos:+116.9mm
2026-07-31 11:43:25,832  I      fps: 39.6  avg: 25.4ms  pos:+116.9mm
2026-07-31 11:43:30,848  I      fps: 40.2  avg: 25.0ms  pos:+116.8mm
2026-07-31 11:43:35,869  I      fps: 40.0  avg: 25.1ms  pos:+116.8mm
2026-07-31 11:43:40,891  I      fps: 39.6  avg: 25.4ms  pos:+116.9mm
2026-07-31 11:43:45,905  I      fps: 41.0  avg: 24.5ms  pos:+117.0mm
2026-07-31 11:43:50,926  I      fps: 42.0  avg: 23.9ms  pos:+116.8mm
2026-07-31 11:43:55,942  I      fps: 41.6  avg: 24.1ms  pos:+116.6mm
2026-07-31 11:44:01,194  I      fps: 39.8  avg: 25.2ms  pos:+116.6mm
2026-07-31 11:44:06,205  I      fps: 40.8  avg: 24.6ms  pos:+116.6mm
2026-07-31 11:44:11,222  I      fps: 42.4  avg: 23.7ms  pos:+116.7mm
2026-07-31 11:44:16,228  I      fps: 42.6  avg: 23.5ms  pos:+116.8mm
2026-07-31 11:44:21,230  I      fps: 39.8  avg: 25.1ms  pos:+116.5mm
2026-07-31 11:44:26,247  I      fps: 42.4  avg: 23.7ms  pos:+116.5mm
2026-07-31 11:44:31,250  I      fps: 38.4  avg: 26.1ms  pos:+116.7mm
2026-07-31 11:44:36,269  I      fps: 41.6  avg: 24.1ms  pos:+116.6mm
2026-07-31 11:44:41,290  I      fps: 41.6  avg: 24.1ms  pos:+116.8mm
2026-07-31 11:44:46,293  I      fps: 39.8  avg: 25.1ms  pos:+116.7mm
2026-07-31 11:44:51,312  I      fps: 41.6  avg: 24.1ms  pos:+117.1mm
2026-07-31 11:44:56,334  I      fps: 40.8  avg: 24.6ms  pos:+117.0mm
2026-07-31 11:45:01,348  I      fps: 42.6  avg: 23.5ms  pos:+116.7mm
2026-07-31 11:45:06,530  I      fps: 40.4  avg: 24.8ms  pos:+116.8mm
2026-07-31 11:45:11,536  I      fps: 42.4  avg: 23.6ms  pos:+116.8mm
2026-07-31 11:45:16,560  I      fps: 41.0  avg: 24.5ms  pos:+116.8mm
2026-07-31 11:45:21,577  I      fps: 40.0  avg: 25.1ms  pos:+116.5mm
2026-07-31 11:45:26,601  I      fps: 40.6  avg: 24.7ms  pos:+116.6mm
2026-07-31 11:45:31,616  I      fps: 38.8  avg: 25.8ms  pos:+116.5mm
2026-07-31 11:45:36,627  I      fps: 41.0  avg: 24.4ms  pos:+117.0mm
2026-07-31 11:45:41,646  I      fps: 40.2  avg: 25.0ms  pos:+116.8mm
2026-07-31 11:45:46,665  I      fps: 43.0  avg: 23.3ms  pos:+116.4mm
2026-07-31 11:45:51,676  I      fps: 42.2  avg: 23.7ms  pos:+116.2mm
2026-07-31 11:45:56,682  I      fps: 42.4  avg: 23.6ms  pos:+117.0mm
2026-07-31 11:46:01,697  I      fps: 41.4  avg: 24.2ms  pos:+116.9mm
2026-07-31 11:46:06,712  I      fps: 40.0  avg: 25.1ms  pos:+116.7mm
2026-07-31 11:46:11,737  I      fps: 39.0  avg: 25.8ms  pos:+116.9mm
2026-07-31 11:46:16,742  I      fps: 40.2  avg: 24.9ms  pos:+116.8mm
2026-07-31 11:46:21,743  I      fps: 40.4  avg: 24.7ms  pos:+116.7mm
2026-07-31 11:46:26,760  I      fps: 38.8  avg: 25.9ms  pos:+117.0mm
2026-07-31 11:46:31,765  I      fps: 38.0  avg: 26.3ms  pos:+116.9mm
2026-07-31 11:46:36,773  I      fps: 38.6  avg: 25.9ms  pos:+117.0mm
2026-07-31 11:46:41,797  I      fps: 35.4  avg: 28.4ms  pos:+116.7mm
2026-07-31 11:46:46,802  I      fps: 39.0  avg: 25.7ms  pos:+116.6mm
2026-07-31 11:46:51,806  I      fps: 39.2  avg: 25.5ms  pos:+116.7mm
2026-07-31 11:46:56,822  I      fps: 39.4  avg: 25.5ms  pos:+116.9mm
2026-07-31 11:47:01,838  I      fps: 38.6  avg: 26.0ms  pos:+116.9mm
2026-07-31 11:47:06,856  I      fps: 37.2  avg: 27.0ms  pos:+116.6mm
2026-07-31 11:47:11,863  I      fps: 38.8  avg: 25.8ms  pos:+116.9mm
2026-07-31 11:47:16,888  I      fps: 38.6  avg: 26.0ms  pos:+116.5mm
2026-07-31 11:47:21,922  I      fps: 37.6  avg: 26.8ms  pos:+117.0mm
2026-07-31 11:47:26,928  I      fps: 32.2  avg: 31.1ms  pos:+117.0mm
2026-07-31 11:47:31,953  I      fps: 34.0  avg: 29.5ms  pos:+116.5mm
2026-07-31 11:47:36,957  I      fps: 36.8  avg: 27.2ms  pos:+117.0mm
2026-07-31 11:47:41,974  I      fps: 38.6  avg: 26.0ms  pos:+117.2mm
2026-07-31 11:47:46,985  I      fps: 33.8  avg: 29.6ms  pos:+117.2mm
2026-07-31 11:47:51,997  I      fps: 34.2  avg: 29.3ms  pos:+116.7mm
2026-07-31 11:47:57,018  I      fps: 37.6  avg: 26.7ms  pos:+117.5mm
2026-07-31 11:48:02,038  I      fps: 37.4  avg: 26.8ms  pos:+116.8mm
2026-07-31 11:48:07,049  I      fps: 39.8  avg: 25.2ms  pos:+117.1mm
2026-07-31 11:48:12,547  I      fps: 39.6  avg: 25.4ms  pos:+117.0mm
2026-07-31 11:48:17,572  I      fps: 37.4  avg: 26.9ms  pos:+116.7mm
2026-07-31 11:48:22,581  I      fps: 40.8  avg: 24.5ms  pos:+116.9mm
2026-07-31 11:48:27,585  I      fps: 41.4  avg: 24.2ms  pos:+116.8mm
2026-07-31 11:48:32,602  I      fps: 40.6  avg: 24.7ms  pos:+116.6mm
2026-07-31 11:48:37,605  I      fps: 39.0  avg: 25.6ms  pos:+116.9mm
2026-07-31 11:48:42,616  I      fps: 39.6  avg: 25.3ms  pos:+117.0mm
2026-07-31 11:48:47,639  I      fps: 40.0  avg: 25.1ms  pos:+116.7mm
2026-07-31 11:48:52,641  I      fps: 39.0  avg: 25.6ms  pos:+117.0mm
2026-07-31 11:48:57,655  I      fps: 40.2  avg: 24.9ms  pos:+116.8mm
2026-07-31 11:49:02,662  I      fps: 41.8  avg: 24.0ms  pos:+116.8mm
2026-07-31 11:49:07,674  I      fps: 42.8  avg: 23.4ms  pos:+116.9mm
2026-07-31 11:49:12,690  I      fps: 40.6  avg: 24.7ms  pos:+116.6mm
2026-07-31 11:49:17,714  I      fps: 42.2  avg: 23.8ms  pos:+117.2mm
2026-07-31 11:49:22,734  I      fps: 38.4  avg: 26.1ms  pos:+117.0mm
2026-07-31 11:49:27,735  I      fps: 39.0  avg: 25.6ms  pos:+116.6mm
2026-07-31 11:49:32,744  I      fps: 38.8  avg: 25.8ms  pos:+117.2mm
2026-07-31 11:49:37,750  I      fps: 39.2  avg: 25.5ms  pos:+116.9mm
2026-07-31 11:49:42,755  I      fps: 38.6  avg: 25.9ms  pos:+117.0mm
2026-07-31 11:49:47,757  I      fps: 37.8  avg: 26.5ms  pos:+116.9mm
2026-07-31 11:49:52,787  I      fps: 39.0  avg: 25.8ms  pos:+116.8mm
2026-07-31 11:49:57,822  I      fps: 29.8  avg: 33.8ms  pos:+116.6mm
2026-07-31 11:50:02,848  I      fps: 28.4  avg: 35.4ms  pos:+116.9mm
2026-07-31 11:50:07,852  I      fps: 32.4  avg: 30.9ms  pos:+116.7mm
2026-07-31 11:50:12,856  I      fps: 39.0  avg: 25.7ms  pos:+117.1mm
2026-07-31 11:50:17,878  I      fps: 41.2  avg: 24.4ms  pos:+116.8mm
2026-07-31 11:50:22,880  I      fps: 41.6  avg: 24.0ms  pos:+116.6mm
2026-07-31 11:50:27,901  I      fps: 38.4  avg: 26.1ms  pos:+117.1mm
2026-07-31 11:50:32,908  I      fps: 39.6  avg: 25.3ms  pos:+117.1mm
2026-07-31 11:50:37,929  I      fps: 38.2  avg: 26.3ms  pos:+116.8mm
2026-07-31 11:50:42,943  I      fps: 38.0  avg: 26.4ms  pos:+117.1mm
2026-07-31 11:50:47,954  I      fps: 38.2  avg: 26.2ms  pos:+116.7mm
2026-07-31 11:50:52,955  I      fps: 41.0  avg: 24.4ms  pos:+116.7mm
2026-07-31 11:50:57,967  I      fps: 40.4  avg: 24.8ms  pos:+116.6mm
2026-07-31 11:51:02,981  I      fps: 39.4  avg: 25.4ms  pos:+116.9mm
2026-07-31 11:51:07,989  I      fps: 36.6  avg: 27.4ms  pos:+116.9mm
2026-07-31 11:51:13,010  I      fps: 42.2  avg: 23.8ms  pos:+117.1mm
2026-07-31 11:51:18,023  I      fps: 42.0  avg: 23.9ms  pos:+116.8mm
2026-07-31 11:51:23,040  I      fps: 40.2  avg: 25.0ms  pos:+116.7mm
2026-07-31 11:51:28,045  I      fps: 40.4  avg: 24.8ms  pos:+116.6mm
2026-07-31 11:51:33,065  I      fps: 40.6  avg: 24.7ms  pos:+116.6mm
2026-07-31 11:51:38,079  I      fps: 39.6  avg: 25.3ms  pos:+117.0mm
2026-07-31 11:51:43,098  I      fps: 40.2  avg: 25.0ms  pos:+117.1mm
2026-07-31 11:51:48,099  I      fps: 39.4  avg: 25.4ms  pos:+116.8mm
2026-07-31 11:51:53,106  I      fps: 41.2  avg: 24.3ms  pos:+117.5mm
2026-07-31 11:51:58,129  I      fps: 42.0  avg: 23.9ms  pos:+117.1mm
2026-07-31 11:52:03,140  I      fps: 40.4  avg: 24.8ms  pos:+117.2mm
2026-07-31 11:52:08,161  I      fps: 39.2  avg: 25.6ms  pos:+117.4mm
2026-07-31 11:52:13,161  I      fps: 39.8  avg: 25.1ms  pos:+117.3mm
2026-07-31 11:52:18,162  I      fps: 42.0  avg: 23.8ms  pos:+117.4mm
2026-07-31 11:52:23,176  I      fps: 41.0  avg: 24.4ms  pos:+117.2mm
2026-07-31 11:52:28,178  I      fps: 41.4  avg: 24.2ms  pos:+117.3mm
2026-07-31 11:52:33,182  I      fps: 38.8  avg: 25.8ms  pos:+116.9mm
2026-07-31 11:52:38,185  I      fps: 40.0  avg: 25.0ms  pos:+116.9mm
2026-07-31 11:52:43,190  I      fps: 40.4  avg: 24.8ms  pos:+117.1mm
2026-07-31 11:52:48,193  I      fps: 40.0  avg: 25.0ms  pos:+117.0mm
2026-07-31 11:52:53,201  I      fps: 41.4  avg: 24.2ms  pos:+116.7mm
2026-07-31 11:52:58,207  I      fps: 41.4  avg: 24.2ms  pos:+116.6mm
2026-07-31 11:53:03,226  I      fps: 40.4  avg: 24.8ms  pos:+117.3mm
2026-07-31 11:53:08,235  I      fps: 39.2  avg: 25.5ms  pos:+116.9mm
2026-07-31 11:53:13,241  I      fps: 41.0  avg: 24.4ms  pos:+116.8mm
2026-07-31 11:53:18,250  I      fps: 40.8  avg: 24.5ms  pos:+117.1mm
2026-07-31 11:53:23,273  I      fps: 41.6  avg: 24.1ms  pos:+117.0mm
2026-07-31 11:53:28,293  I      fps: 42.0  avg: 23.9ms  pos:+117.0mm
2026-07-31 11:53:33,302  I      fps: 41.2  avg: 24.3ms  pos:+117.3mm
2026-07-31 11:53:38,310  I      fps: 39.6  avg: 25.3ms  pos:+116.8mm
2026-07-31 11:53:43,325  I      fps: 39.6  avg: 25.3ms  pos:+117.2mm
2026-07-31 11:53:48,346  I      fps: 42.6  avg: 23.6ms  pos:+117.1mm
2026-07-31 11:53:53,361  I      fps: 39.8  avg: 25.2ms  pos:+117.1mm
2026-07-31 11:53:58,366  I      fps: 40.0  avg: 25.0ms  pos:+117.2mm
2026-07-31 11:54:03,373  I      fps: 41.0  avg: 24.4ms  pos:+117.4mm
2026-07-31 11:54:08,394  I      fps: 41.8  avg: 24.0ms  pos:+117.2mm
2026-07-31 11:54:13,410  I      fps: 39.8  avg: 25.2ms  pos:+117.1mm
2026-07-31 11:54:18,413  I      fps: 42.4  avg: 23.6ms  pos:+117.0mm
2026-07-31 11:54:23,437  I      fps: 40.8  avg: 24.6ms  pos:+116.9mm
2026-07-31 11:54:28,632  I      fps: 39.2  avg: 25.6ms  pos:+117.1mm
2026-07-31 11:54:33,648  I      fps: 40.6  avg: 24.7ms  pos:+117.0mm
2026-07-31 11:54:35,656  I      shutdown  signal received
2026-07-31 11:54:35,664  I      cleaning  up  ...
2026-07-31 11:54:35,683  I      exit  (0)
